// Jest Snapshot v1, https://goo.gl/fbAQLP

exports[`default state 1`] = `
Object {
  "costModels": Object {
    "costModels": null,
    "currentFilterType": "name",
    "currentFilterValue": "",
    "delete": Object {
      "error": null,
      "status": 0,
    },
    "dialogData": null,
    "error": null,
    "isDialogOpen": Object {
      "addRate": false,
      "addSource": false,
      "createWizard": false,
      "deleteCostModel": false,
      "deleteDistribution": false,
      "deleteMarkup": false,
      "deleteRate": false,
      "deleteSource": false,
      "updateCostModel": false,
      "updateDistribution": false,
      "updateMarkup": false,
      "updateRate": false,
    },
    "status": 0,
    "update": Object {
      "current": null,
      "error": null,
      "status": 0,
    },
  },
}
`;
